2025-03-17 11:36:22.638 | INFO     | __main__:<module>:16 - Бот запущен
2025-03-17 11:36:23.243 | ERROR    | utils.utils:send_random_joke:31 - Ошибка при отправке анекдота: Bot.send_message() missing 1 required positional argument: 'text'
2025-03-17 11:37:23.340 | ERROR    | utils.utils:send_random_joke:31 - Ошибка при отправке анекдота: Bot.send_message() missing 1 required positional argument: 'text'
2025-03-17 11:38:23.432 | ERROR    | utils.utils:send_random_joke:31 - Ошибка при отправке анекдота: Bot.send_message() missing 1 required positional argument: 'text'
2025-03-17 11:45:46.914 | INFO     | __main__:<module>:16 - Бот запущен
2025-03-17 11:45:47.706 | ERROR    | utils.utils:send_random_joke:31 - Ошибка при отправке анекдота: Bot.send_message() missing 1 required positional argument: 'text'
2025-03-17 11:46:47.942 | ERROR    | utils.utils:send_random_joke:31 - Ошибка при отправке анекдота: Bot.send_message() missing 1 required positional argument: 'text'
2025-03-17 11:48:40.777 | INFO     | __main__:<module>:16 - Бот запущен
2025-03-17 11:48:41.558 | ERROR    | utils.utils:send_random_joke:31 - Ошибка при отправке анекдота: Bot.send_message() missing 1 required positional argument: 'text'
2025-03-17 11:49:08.389 | INFO     | __main__:<module>:16 - Бот запущен
2025-03-17 11:49:09.176 | ERROR    | utils.utils:send_random_joke:31 - Ошибка при отправке анекдота: Bot.send_message() missing 1 required positional argument: 'text'
2025-03-17 11:50:00.444 | INFO     | __main__:<module>:16 - Бот запущен
2025-03-17 11:50:01.143 | ERROR    | utils.utils:send_random_joke:31 - Ошибка при отправке анекдота: Bot.send_message() missing 1 required positional argument: 'chat_id'
2025-03-17 11:51:01.372 | ERROR    | utils.utils:send_random_joke:31 - Ошибка при отправке анекдота: Bot.send_message() missing 1 required positional argument: 'chat_id'
2025-03-17 11:51:11.361 | INFO     | __main__:<module>:16 - Бот запущен
2025-03-17 11:51:12.068 | ERROR    | utils.utils:send_random_joke:31 - Ошибка при отправке анекдота: Bot.send_message() missing 1 required positional argument: 'self'
2025-03-17 11:55:55.150 | INFO     | __main__:<module>:16 - Бот запущен
2025-03-17 11:55:56.068 | INFO     | utils.utils:send_random_joke:31 - Опубликован анекдот: На свадьбу в Австрию прибывает В. Путин. Сроки ответной свадьбы уточняются…
2025-03-17 11:56:56.497 | INFO     | utils.utils:send_random_joke:31 - Опубликован анекдот: Жена спрашивает мужа-программиста:- Дорогой, ты помнишь, когда у нас будет годовщина свадьбы?- Конечно помню! Ровно через три дня, после окончания лицензии на  антивирус.
2025-03-17 11:57:56.913 | INFO     | utils.utils:send_random_joke:31 - Опубликован анекдот: Клиент упрекает адвоката:- Вы уверяли, что добьетесь оправдания моей жены, а ее присудили к году принудительных работ...- Так ведь она на суде не дала мне слова вставить! - воскликнул адвокат.
2025-03-17 11:58:57.233 | INFO     | utils.utils:send_random_joke:31 - Опубликован анекдот: Женщина попросила известного художника нарисовать ее в голомвиде.- Нет, я таким не занимаюсь, - ответил он.- Я уплачу вам в два раза больше!- Нет, нет, спасибо.- В пять раз больше!- Ну ладно, - согласился маэстро, - но вы должны разрешить мне  хотя бы надеть носки...мне необходимо где-то держать мои кисти.
2025-03-17 11:59:57.600 | INFO     | utils.utils:send_random_joke:31 - Опубликован анекдот: Женщине нужно звонить два раза. Чтобы она нашла телефон и чтобы ответила.
2025-03-17 12:01:44.890 | INFO     | __main__:<module>:16 - Бот запущен
2025-03-17 12:01:46.062 | INFO     | utils.utils:send_random_joke:31 - Опубликован анекдот: Из источников близких к Кремлю стало известно, что в следующий раз последвух президентских сроков Владимир Владимирович собирается оставитьвместо себя на посту президента России лабрадора Кони.- абсолютно предан- прекрасно виляет хвостом- очень красив, чем нравится женскому электоратуА главное, будет чудесно смотреться на очередном собрании 8-ки.
2025-03-17 12:02:34.804 | INFO     | __main__:<module>:16 - Бот запущен
2025-03-17 12:02:35.701 | INFO     | utils.utils:send_random_joke:31 - Опубликован анекдот: Семейное положение: сплю с ноутбуком.
2025-03-17 12:03:36.028 | INFO     | utils.utils:send_random_joke:31 - Опубликован анекдот: Если строитель говорит, что его дом дерьмо - в нем никто не будет жить.Если продавец говорит, что его товар дерьмо - его не будет никтопокупать.Если депутат говорит, что закон дерьмо - с ним соглашаются и выбираютего на второй срок.
2025-03-17 12:03:49.044 | INFO     | __main__:<module>:16 - Бот запущен
2025-03-17 12:03:49.961 | INFO     | utils.utils:send_random_joke:31 - Опубликован анекдот: - Посмотри, какими стали новости после смены правительства: пишут что нужно снижать процент по ипотеке, уменьшать налоги для работодателей. Глядишь, может ещё поживем как люди! А если так дальше пойдет, может и цены на бензин задумают снизить! - Ты говори да не заговаривайся! Совсем умом тронулся!
2025-03-17 12:07:24.860 | INFO     | __main__:<module>:16 - Бот запущен
2025-03-17 12:07:26.313 | INFO     | utils.utils:send_random_joke:31 - Опубликован анекдот: А я считаю, что лучше соседка в руках, чем стюардесса в небе.
2025-03-17 12:08:08.419 | INFO     | __main__:<module>:16 - Бот запущен
2025-03-17 12:08:09.296 | INFO     | utils.utils:send_random_joke:31 - Опубликован анекдот: Одноклассники.ру - второй шанс трахнуть школьную любовь!
2025-03-17 12:09:09.683 | INFO     | utils.utils:send_random_joke:31 - Опубликован анекдот: Сходил к колдунье навести порчу на бывшую, чтоб та была с лохом. На следующий день бывшая пишет мне, что хочет всё вернуть. Конечно, любимая!
2025-03-17 12:10:10.012 | INFO     | utils.utils:send_random_joke:31 - Опубликован анекдот: Почему появилось так много анекдотов про плохую игру сборной России?Их сочиняют болельщики сборной Англии, у которых появилось многосвободного времени.
2025-03-17 12:11:10.467 | INFO     | utils.utils:send_random_joke:31 - Опубликован анекдот: Основная цель запуска спутников на орбиту в 21 веке - распил бабла. Утонувшие спутники справляются с ней ничем не хуже, чем успешно запущенные. Зато организовать такой запуск - значительно проще, чем успешный.
2025-03-17 12:12:10.804 | INFO     | utils.utils:send_random_joke:31 - Опубликован анекдот: Сделал прививку – даже в лесу теперь вай-фай ловит.
2025-03-25 13:01:38.243 | INFO     | __main__:<module>:16 - Бот запущен
2025-03-25 13:01:39.894 | INFO     | utils.utils:send_random_joke:31 - Опубликован анекдот: Собянин пообещал вернуть Москву москвичам... я что-то не понял - он собирается выгнать из Москвы правительство и президента?!
2025-03-25 13:02:40.294 | INFO     | utils.utils:send_random_joke:31 - Опубликован анекдот: Группа математиков поймала эзотерика, утверждавшего, что все знания изначально есть в людях, и заставила его медитировать до тех пор, пока он не научится решать дифференциальные уравнения.
2025-03-25 13:03:40.012 | INFO     | __main__:<module>:16 - Бот запущен
2025-03-25 13:03:40.901 | INFO     | utils.utils:send_random_joke:31 - Опубликован анекдот: В семейной ссоре, если речь заходит о финансах, никогда не говоритесупруге, что вашего заработка хватит на двоих таких как она.В противном случае вы рискуете оказаться перед фактом, что тещапереехала к вам.                              Ivan Fuckov
2025-03-25 13:04:41.272 | INFO     | utils.utils:send_random_joke:31 - Опубликован анекдот: Похоже, мой муж — расист. Познакомилась с таким классным парнем из Африки, привела домой, а муж его побил и выгнал!
2025-03-25 13:06:19.156 | INFO     | __main__:<module>:16 - Бот запущен
2025-03-25 13:06:20.203 | INFO     | utils.utils:send_random_joke:31 - Опубликован анекдот: Если бы врачи работали как админы, самым популярным методом лечения было бы: "закопать - откопать: вдруг оживет?"
2025-03-25 13:06:59.942 | INFO     | __main__:<module>:16 - Бот запущен
2025-03-25 13:07:00.768 | INFO     | utils.utils:send_random_joke:31 - Опубликован анекдот: На память, вроде, не жалуюсь. А может и жалуюсь, но тут же забываю.
2025-03-25 13:08:01.090 | INFO     | utils.utils:send_random_joke:31 - Опубликован анекдот: Избит брат мэра Киева.
2025-03-25 13:09:01.559 | INFO     | utils.utils:send_random_joke:31 - Опубликован анекдот: Во время обучения в артиллерийском подразделении прапорщик рассказывает, как используется сложное прицельное устройство системы артиллерийского оружия: «Как вы все знаете, в окружности 180 градусов». Один из солдат говорит: «Но в окружности 360 градусов, товарищ прапорщик». «Ты идиот, - отвечает прапорщик, - ясно же, что я говорю о маленьком кружке!»
2025-03-25 13:09:18.704 | INFO     | __main__:<module>:16 - Бот запущен
2025-03-25 13:09:19.579 | INFO     | utils.utils:send_random_joke:31 - Опубликован анекдот: Жена криминального олигарха очень нервничает, когда муж везёт её на природу.
2025-03-25 13:10:19.983 | INFO     | utils.utils:send_random_joke:31 - Опубликован анекдот: - Дяденька, дяденька, хотите собачку погладить?- Давай. Ух ты, псина, морда хорошая... А чего это она у тебя  худая такая?- Да не моя это... (Бормочет огорченно) Блин, а говорили - руку  враз перекусывает, зараза ...
2025-03-25 13:11:20.377 | INFO     | utils.utils:send_random_joke:31 - Опубликован анекдот: Любовный огонь возникает тоже в результате трения.
2025-03-25 13:11:30.350 | INFO     | __main__:<module>:16 - Бот запущен
2025-03-25 13:11:31.172 | INFO     | utils.utils:send_random_joke:31 - Опубликован анекдот: Оптихуист - человек, который верит, что всё будет хорошо, а если не будет, то и ебись оно всё конём!
2025-03-25 13:12:31.536 | INFO     | utils.utils:send_random_joke:31 - Опубликован анекдот: Три дня делал генеральную уборку в квартире.Плюсы: она чистая.Минусы: в ней нельзя жить, она от этого пачкается.
2025-03-25 13:15:26.271 | INFO     | __main__:<module>:16 - Бот запущен
2025-03-25 13:15:27.475 | INFO     | utils.utils:send_random_joke:31 - Опубликован анекдот: - Товарищ Зюганов, почему КПРФ проиграла на парламентских выборах?- Так, видно, угодно Богу.
2025-03-25 13:16:27.835 | INFO     | utils.utils:send_random_joke:31 - Опубликован анекдот: Три кита розничного маркетинга:1. Товар - херня, главное - упаковка.2. Упаковка тоже херня, всем крутит реклама.3. И реклама херня, все дело в массовости дебилов, которые на нееведутся.
2025-03-25 13:17:28.278 | INFO     | utils.utils:send_random_joke:31 - Опубликован анекдот: - Ты в каком вузе учишься?- Точно не знаю, но папа говорит, что в дорогом.
2025-03-25 13:17:40.829 | INFO     | __main__:<module>:16 - Бот запущен
2025-03-25 13:17:41.709 | INFO     | utils.utils:send_random_joke:31 - Опубликован анекдот: Я хочу цветы, но не хочу говорить тебе, что хочу цветы. Потому что ты просто подаришь мне цветы, потому что я их хочу. А я хочу, чтобы ты подарил мне цветы, потому что тебе хочется подарить мне цветы, понимаешь?
2025-03-25 13:18:42.037 | INFO     | utils.utils:send_random_joke:31 - Опубликован анекдот: У кота язык - это не только язык, но и ложка, кружка, зубная щётка,щётка для меха, мыло, мочалка и туалетная бумага...
2025-03-25 13:19:42.358 | INFO     | utils.utils:send_random_joke:31 - Опубликован анекдот: Госдума рассматривает законопроект, который запрещает безработным пенсионерам переводить мошенникам больше 10 млн рублей в день.
2025-03-25 13:20:42.723 | INFO     | utils.utils:send_random_joke:31 - Опубликован анекдот: Макароны с котлетами – это просто другое агрегатное состояние пельменей.
2025-03-25 13:21:43.068 | INFO     | utils.utils:send_random_joke:31 - Опубликован анекдот: - Что надо сделать для того чтобы спутники успешно выходили на орбиту?- Отправлять их туда вместе с их разработчиками.
2025-03-25 13:22:43.404 | INFO     | utils.utils:send_random_joke:31 - Опубликован анекдот: Учительница дала классу сочинение на тему: "Что бы я сделал,если быполучил миллион?"Чеpез полчаса Вовочка поднялся из-за паpты, подошел к учительнице,деpжа в pуках бумажку с какими-то pасчетами.- Извините, а нельзя добавить еще девяносто четыpе тысячи?
2025-03-25 13:23:43.730 | INFO     | utils.utils:send_random_joke:31 - Опубликован анекдот: - Сёма, ви слышали, они хотят ввести электронных медицинских карт... - А кнопочка "Поделиться с друзьями" рядом с диагнозом будет?
2025-03-25 13:24:44.161 | INFO     | utils.utils:send_random_joke:31 - Опубликован анекдот: Не торопитесь ностальгировать по детству: в жизни еще будет период,когда вас будут кормить с ложечки и убирать за вами дерьмо.
2025-03-25 13:25:44.518 | INFO     | utils.utils:send_random_joke:31 - Опубликован анекдот: - Вовочка, здорово! Что поделываешь?- Да вот магазин открыл!- Отлично! А как тебе это удалось?- Да вот этим ломиком!
2025-03-25 13:26:44.922 | INFO     | utils.utils:send_random_joke:31 - Опубликован анекдот: В маршрутке: - Сколько тебе ещё ехать? - Две песни точно...
2025-03-25 13:27:45.249 | INFO     | utils.utils:send_random_joke:31 - Опубликован анекдот: Пятнадцать лет я с сослуживцами говорил, что начальники тупые дебилы, и вот, наконец, я сам стал начальником. И теперь меня не покидает мысль, каким образом мои прежние боссы управляли этим стадом баранов и никого не убили.
2025-03-25 13:45:31.044 | INFO     | __main__:<module>:16 - Бот запущен
2025-03-25 13:45:31.934 | INFO     | utils.utils:send_random_joke:31 - Опубликован анекдот: Посоветовали мне один "мыльный" сериал, ну и хрень, скажу я вам, меня хватило только на 172 серии.
2025-03-25 13:46:32.309 | INFO     | utils.utils:send_random_joke:31 - Опубликован анекдот: - О, боже!- Извините, вы обознались...
2025-03-25 13:47:32.636 | INFO     | utils.utils:send_random_joke:31 - Опубликован анекдот: - Если человек объяснит свою отвратительную работу тем, что «делается очень многое», что «поступательно поднимает качество работы», и что "нельзя ожидать сиюминутных результатов", то что с ним будет?- Если это работяга, то пойдёт на Биржу труда. А если чиновник, то получит какую-нибудь государственную награду...
2025-03-25 13:48:26.570 | INFO     | __main__:<module>:16 - Бот запущен
2025-03-25 13:48:27.585 | INFO     | utils.utils:send_random_joke:31 - Опубликован анекдот: Армянин, умерший с шампуром в руках, попадает в Мангаллу.
2025-03-25 13:49:27.910 | INFO     | utils.utils:send_random_joke:31 - Опубликован анекдот: Трамп решил взять 1$ в качестве зарплаты за работу президентом вместо положенных ему 400 000$.Теперь моя жена всем гордо сообщает: МОЙ МУЖ ЗАРАБАТЫВАЕТ БОЛЬШЕ ПРЕЗИДЕНТА США!
2025-03-25 13:49:57.212 | INFO     | __main__:<module>:16 - Бот запущен
2025-03-25 13:49:58.103 | INFO     | utils.utils:send_random_joke:31 - Опубликован анекдот: Неделю назад сделали девушке лазерную коррекцию зрения. Теперь мы убираемся в квартире в три раза чаще...
2025-03-25 13:50:58.448 | INFO     | utils.utils:send_random_joke:31 - Опубликован анекдот: Мюллер вызывает к себе Штирлица и говорит: "Наконец-то я вас раскусил!Никакой вы не немец. Немецкий язык для вас не родной. Признайтесь, вы -татарин?"Штирлиц (удивлённо): "С чего вы взяли, штандартенфюрер? Что за чушь?Если уж у вас разыгралась фантазия, то не логичнее ли предположить, чтоя - русский разведчик?"Мюллер (переходя на русский): "Абдулла Ибрагимович, мы, русскиеразведчики, учились немецкому в МГИМО, а вы, судя по акценту - вКазанском пединституте!"
2025-03-25 13:51:58.528 | INFO     | __main__:<module>:16 - Бот запущен
2025-03-25 13:51:59.424 | INFO     | utils.utils:send_random_joke:31 - Опубликован анекдот: Никто не любит меня так, как мой холодильник. Когда он меня видит, он так и светится!
2025-03-25 14:08:07 | INFO | Бот запущен
2025-03-25 14:08:07.290 | INFO     | __main__:<module>:16 - Бот запущен
2025-03-25 14:08:08 | INFO | Опубликован анекдот: Ведущая прогноза погоды сошла с ума, повторяя одно и тоже.
2025-03-25 14:08:08.276 | INFO     | utils.utils:send_random_joke:31 - Опубликован анекдот: Ведущая прогноза погоды сошла с ума, повторяя одно и тоже.
2025-03-25 14:08:24 | INFO | User 1337142737 старт бота
2025-03-25 14:08:24.151 | INFO     | handlers.user_private:start_cmd:33 - User 1337142737 старт бота
2025-03-25 14:08:29 | INFO | User 1337142737 добавляет событие'
2025-03-25 14:08:29.346 | INFO     | handlers.user_private:add_event_button:48 - User 1337142737 добавляет событие'
2025-03-25 14:08:41 | INFO | User 1337142737 написал событие: 2025-10-15 купить
2025-03-25 14:08:41.466 | INFO     | handlers.user_private:process_add_event:61 - User 1337142737 написал событие: 2025-10-15 купить
2025-03-25 14:08:41 | SUCCESS | Event added by 1337142737: 15-10-2025 - купить
2025-03-25 14:08:41.515 | SUCCESS  | handlers.user_private:process_add_event:81 - Event added by 1337142737: 15-10-2025 - купить
2025-03-25 14:08:43 | INFO | User 1337142737 написал событие: 📋 Показать события
2025-03-25 14:08:43.845 | INFO     | handlers.user_private:process_add_event:61 - User 1337142737 написал событие: 📋 Показать события
2025-03-25 14:08:43 | ERROR | Неверный формат даты у пользователя 1337142737: 📋 Показать события
2025-03-25 14:08:43.846 | ERROR    | handlers.user_private:process_add_event:90 - Неверный формат даты у пользователя 1337142737: 📋 Показать события
2025-03-25 14:08:46 | INFO | User 1337142737 написал событие: ❌ Удалить событие
2025-03-25 14:08:46.728 | INFO     | handlers.user_private:process_add_event:61 - User 1337142737 написал событие: ❌ Удалить событие
2025-03-25 14:08:46 | ERROR | Неверный формат даты у пользователя 1337142737: ❌ Удалить событие
2025-03-25 14:08:46.729 | ERROR    | handlers.user_private:process_add_event:90 - Неверный формат даты у пользователя 1337142737: ❌ Удалить событие
2025-03-25 14:09:08 | INFO | Опубликован анекдот: у меня есть нормальная версия происхождения человечества: бог жил нормально один с котами, потом ему понадобилось улететь на другую планету и он по-быстрому налепил уебков, которые будут за котами смотреть.
2025-03-25 14:09:08.607 | INFO     | utils.utils:send_random_joke:31 - Опубликован анекдот: у меня есть нормальная версия происхождения человечества: бог жил нормально один с котами, потом ему понадобилось улететь на другую планету и он по-быстрому налепил уебков, которые будут за котами смотреть.
2025-03-25 14:10:08 | INFO | Опубликован анекдот: Дед Мороз:- Здравствуйте, дорогие детишечки! Мы со Снегурочкой приехали к вам с  самого Севера. Для начала у нас запланирован конкурс стихов. Вы будете  читать стихи, а победит тот, кто первым принесет штопор.Веб-журнал ВокругСмеха. ру - http://vokrugsmeha.ru
2025-03-25 14:10:08.959 | INFO     | utils.utils:send_random_joke:31 - Опубликован анекдот: Дед Мороз:- Здравствуйте, дорогие детишечки! Мы со Снегурочкой приехали к вам с  самого Севера. Для начала у нас запланирован конкурс стихов. Вы будете  читать стихи, а победит тот, кто первым принесет штопор.Веб-журнал ВокругСмеха. ру - http://vokrugsmeha.ru
2025-03-25 14:10:55 | INFO | User 1337142737 старт бота
2025-03-25 14:10:55.728 | INFO     | handlers.user_private:start_cmd:33 - User 1337142737 старт бота
2025-03-25 14:10:59 | INFO | User 1337142737 добавляет событие'
2025-03-25 14:10:59.570 | INFO     | handlers.user_private:add_event_button:48 - User 1337142737 добавляет событие'
2025-03-25 14:11:05 | INFO | User 1337142737 написал событие: 2023/10/15 Поездка в аэропорт
2025-03-25 14:11:05.845 | INFO     | handlers.user_private:process_add_event:61 - User 1337142737 написал событие: 2023/10/15 Поездка в аэропорт
2025-03-25 14:11:05 | SUCCESS | Event added by 1337142737: 15-10-2023 - Поездка в аэропорт
2025-03-25 14:11:05.914 | SUCCESS  | handlers.user_private:process_add_event:81 - Event added by 1337142737: 15-10-2023 - Поездка в аэропорт
2025-03-25 14:11:09 | INFO | Опубликован анекдот: На видеозаписи было четко видно, что стул пытался напасть на гражданина Пака, а Кокорин пытался его удержать, но не смог...
2025-03-25 14:11:09.372 | INFO     | utils.utils:send_random_joke:31 - Опубликован анекдот: На видеозаписи было четко видно, что стул пытался напасть на гражданина Пака, а Кокорин пытался его удержать, но не смог...
2025-03-25 14:11:09 | INFO | User 1337142737 написал событие: 📋 Показать события
2025-03-25 14:11:09.788 | INFO     | handlers.user_private:process_add_event:61 - User 1337142737 написал событие: 📋 Показать события
2025-03-25 14:11:09 | ERROR | Неверный формат даты у пользователя 1337142737: 📋 Показать события
2025-03-25 14:11:09.790 | ERROR    | handlers.user_private:process_add_event:90 - Неверный формат даты у пользователя 1337142737: 📋 Показать события
2025-03-25 14:11:28 | INFO | User 1337142737 добавляет событие'
2025-03-25 14:11:28.033 | INFO     | handlers.user_private:add_event_button:48 - User 1337142737 добавляет событие'
2025-03-25 14:11:31 | INFO | User 1337142737 написал событие: 15 октября 2023 День рождения
2025-03-25 14:11:31.396 | INFO     | handlers.user_private:process_add_event:61 - User 1337142737 написал событие: 15 октября 2023 День рождения
2025-03-25 14:11:31 | SUCCESS | Event added by 1337142737: 15-03-2025 - октября 2023 День рождения
2025-03-25 14:11:31.473 | SUCCESS  | handlers.user_private:process_add_event:81 - Event added by 1337142737: 15-03-2025 - октября 2023 День рождения
2025-03-25 14:11:34 | INFO | User 1337142737 написал событие: 📋 Показать события
2025-03-25 14:11:34.836 | INFO     | handlers.user_private:process_add_event:61 - User 1337142737 написал событие: 📋 Показать события
2025-03-25 14:11:34 | ERROR | Неверный формат даты у пользователя 1337142737: 📋 Показать события
2025-03-25 14:11:34.837 | ERROR    | handlers.user_private:process_add_event:90 - Неверный формат даты у пользователя 1337142737: 📋 Показать события
2025-03-25 14:12:09 | INFO | Опубликован анекдот: Те, кто придумал бутылку водки 0.45, могут объяснять это тем, что так легче делить на троих. Однако, на самом деле таким людям надо выдавать обуви на два размера меньше их родного и говорить, что маленькая ступня это признак аристократизма.
2025-03-25 14:12:09.685 | INFO     | utils.utils:send_random_joke:31 - Опубликован анекдот: Те, кто придумал бутылку водки 0.45, могут объяснять это тем, что так легче делить на троих. Однако, на самом деле таким людям надо выдавать обуви на два размера меньше их родного и говорить, что маленькая ступня это признак аристократизма.
2025-03-25 14:13:10 | INFO | Опубликован анекдот: Кабинет крупного чиновника-бюрократа. Вдруг заходит посетитель и орет на него:- Ты сволочь бумажная, бессовестный взяточник, тормоз прогресса...!Закончив эту обвинительную тираду, тихо спрашивает чиновника- Ну что Олег Николаевич, записали на диктофон?- Да, все записал, но дам свое разрешение на ваш проект только тогда, когда заплатите штраф за клевету.Радостный посетитель уходит восвояси.
2025-03-25 14:13:10.069 | INFO     | utils.utils:send_random_joke:31 - Опубликован анекдот: Кабинет крупного чиновника-бюрократа. Вдруг заходит посетитель и орет на него:- Ты сволочь бумажная, бессовестный взяточник, тормоз прогресса...!Закончив эту обвинительную тираду, тихо спрашивает чиновника- Ну что Олег Николаевич, записали на диктофон?- Да, все записал, но дам свое разрешение на ваш проект только тогда, когда заплатите штраф за клевету.Радостный посетитель уходит восвояси.
2025-03-25 14:14:10 | INFO | Опубликован анекдот: Два профессора беседуют о том, что озарения часто приходят во сне. Одинговорит: я на этот случай держу на тумбочке бумагу и ручку. Второй: а ядержу в постели молодую стенографистку...
2025-03-25 14:14:10.443 | INFO     | utils.utils:send_random_joke:31 - Опубликован анекдот: Два профессора беседуют о том, что озарения часто приходят во сне. Одинговорит: я на этот случай держу на тумбочке бумагу и ручку. Второй: а ядержу в постели молодую стенографистку...
2025-03-25 14:14:42 | INFO | Бот запущен
2025-03-25 14:14:42.007 | INFO     | __main__:<module>:16 - Бот запущен
2025-03-25 14:14:42 | INFO | Опубликован анекдот: Еще вчера я был уверен в завтрашнем дне, а сегодня - только  во вчерашнем.
2025-03-25 14:14:42.841 | INFO     | utils.utils:send_random_joke:31 - Опубликован анекдот: Еще вчера я был уверен в завтрашнем дне, а сегодня - только  во вчерашнем.
2025-03-25 14:14:55 | INFO | User 1337142737 старт бота
2025-03-25 14:14:55.413 | INFO     | handlers.user_private:start_cmd:36 - User 1337142737 старт бота
2025-03-25 14:14:59 | INFO | User 1337142737 добавляет событие'
2025-03-25 14:14:59.549 | INFO     | handlers.user_private:add_event_button:51 - User 1337142737 добавляет событие'
2025-03-25 14:15:49 | INFO | Бот запущен
2025-03-25 14:15:49.162 | INFO     | __main__:<module>:16 - Бот запущен
2025-03-25 14:15:50 | INFO | Опубликован анекдот: В Беларуси нашли нефть. Внешне она похожа на картошку и не горит.
2025-03-25 14:15:50.037 | INFO     | utils.utils:send_random_joke:31 - Опубликован анекдот: В Беларуси нашли нефть. Внешне она похожа на картошку и не горит.
2025-03-25 14:16:31 | INFO | Бот запущен
2025-03-25 14:16:31.857 | INFO     | __main__:<module>:16 - Бот запущен
2025-03-25 14:16:32 | INFO | Опубликован анекдот: У меня 2 детей. Что я хочу на День Рождения? Хочу принять ванну и сходить в туалет. ОДНА. Хочу поесть... ГОРЯЧУЮ еду... ДВУМЯ руками... и чай... ГОРЯЧИЙ ... с конфетой... ЦЕЛОЙ!
2025-03-25 14:16:32.725 | INFO     | utils.utils:send_random_joke:31 - Опубликован анекдот: У меня 2 детей. Что я хочу на День Рождения? Хочу принять ванну и сходить в туалет. ОДНА. Хочу поесть... ГОРЯЧУЮ еду... ДВУМЯ руками... и чай... ГОРЯЧИЙ ... с конфетой... ЦЕЛОЙ!
2025-03-25 14:16:41 | INFO | User 1337142737 старт бота
2025-03-25 14:16:41.318 | INFO     | handlers.user_private:start_cmd:36 - User 1337142737 старт бота
2025-03-25 14:16:42 | INFO | User 1337142737 добавляет событие'
2025-03-25 14:16:42.712 | INFO     | handlers.user_private:add_event_button:51 - User 1337142737 добавляет событие'
2025-03-25 14:17:33 | INFO | Опубликован анекдот: Пасха для попов - это как 8 марта для цветочников.
2025-03-25 14:17:33.082 | INFO     | utils.utils:send_random_joke:31 - Опубликован анекдот: Пасха для попов - это как 8 марта для цветочников.
2025-03-25 14:17:47 | INFO | Бот запущен
2025-03-25 14:17:47.998 | INFO     | __main__:<module>:16 - Бот запущен
2025-03-25 14:17:48 | INFO | Опубликован анекдот: Если ты прочитал новость в интернете и подумал "хуйня какая-то", то в 99% случаев так и есть.
2025-03-25 14:17:48.845 | INFO     | utils.utils:send_random_joke:31 - Опубликован анекдот: Если ты прочитал новость в интернете и подумал "хуйня какая-то", то в 99% случаев так и есть.
2025-03-25 14:18:11 | INFO | User 1337142737 старт бота
2025-03-25 14:18:11.040 | INFO     | handlers.user_private:start_cmd:36 - User 1337142737 старт бота
2025-03-25 14:18:12 | INFO | User 1337142737 добавляет событие'
2025-03-25 14:18:12.325 | INFO     | handlers.user_private:add_event_button:51 - User 1337142737 добавляет событие'
2025-03-25 14:18:34 | INFO | User 1337142737 написал событие: 2025-10-15 14:30 купить
2025-03-25 14:18:34.074 | INFO     | handlers.user_private:process_add_event:66 - User 1337142737 написал событие: 2025-10-15 14:30 купить
2025-03-25 14:18:34 | SUCCESS | Событие добавлено пользователем 1337142737: 15-10-2025 00:00 - 14:30 купить
2025-03-25 14:18:34.145 | SUCCESS  | handlers.user_private:process_add_event:90 - Событие добавлено пользователем 1337142737: 15-10-2025 00:00 - 14:30 купить
2025-03-25 14:18:36 | INFO | User 1337142737 написал событие: 📋 Показать события
2025-03-25 14:18:36.499 | INFO     | handlers.user_private:process_add_event:66 - User 1337142737 написал событие: 📋 Показать события
2025-03-25 14:18:36 | ERROR | Неверный формат даты от пользователя 1337142737: 📋 Показать события
2025-03-25 14:18:36.500 | ERROR    | handlers.user_private:process_add_event:99 - Неверный формат даты от пользователя 1337142737: 📋 Показать события
2025-03-25 14:18:49 | INFO | Опубликован анекдот: Молодая девушка заходит в парфюмерный магазин и просит показатькакие-нибудь хорошие духи.- Вот, пожалуйста, духи "Оргазм".- А эти как называются?- "Экстаз".- Простите, а нет ли у вас чего-нибудь для начинающих?
2025-03-25 14:18:49.389 | INFO     | utils.utils:send_random_joke:31 - Опубликован анекдот: Молодая девушка заходит в парфюмерный магазин и просит показатькакие-нибудь хорошие духи.- Вот, пожалуйста, духи "Оргазм".- А эти как называются?- "Экстаз".- Простите, а нет ли у вас чего-нибудь для начинающих?
2025-03-25 14:19:49 | INFO | Опубликован анекдот: Если верить, что человек произошел от обезьяны, то есть надежда, что он эволюционирует до Бога....А, вот если, человека действительно когда-то создал сам Бог, по своему подобию, то всё идёт очень хуёво...
2025-03-25 14:19:49.786 | INFO     | utils.utils:send_random_joke:31 - Опубликован анекдот: Если верить, что человек произошел от обезьяны, то есть надежда, что он эволюционирует до Бога....А, вот если, человека действительно когда-то создал сам Бог, по своему подобию, то всё идёт очень хуёво...
