2025-03-14 12:22:59.473 | INFO     | __main__:<module>:18 - Бот запущен
2025-03-14 12:22:59.981 | INFO     | __main__:main:170 - Запуск бота...
2025-03-14 12:35:21.344 | INFO     | __main__:<module>:18 - Бот запущен
2025-03-14 12:35:21.827 | INFO     | __main__:main:170 - Запуск бота...
2025-03-14 12:35:44.002 | INFO     | __main__:start_cmd:51 - Пользователь 1337142737 запустил бота
2025-03-14 12:38:21.875 | INFO     | __main__:<module>:18 - Бот запущен
2025-03-14 12:38:22.360 | INFO     | __main__:main:170 - Запуск бота...
2025-03-14 12:48:32.757 | INFO     | __main__:<module>:18 - Бот запущен
2025-03-14 12:48:33.285 | INFO     | __main__:main:235 - Запуск бота...
2025-03-14 12:48:41.314 | INFO     | __main__:start_cmd:51 - Пользователь 1337142737 запустил бота
2025-03-14 12:48:44.274 | INFO     | __main__:start_cmd:51 - Пользователь 1337142737 запустил бота
2025-03-14 12:48:44.884 | INFO     | __main__:start_cmd:51 - Пользователь 1337142737 запустил бота
2025-03-14 12:48:45.374 | INFO     | __main__:start_cmd:51 - Пользователь 1337142737 запустил бота
2025-03-14 12:48:45.771 | INFO     | __main__:start_cmd:51 - Пользователь 1337142737 запустил бота
2025-03-14 12:48:46.169 | INFO     | __main__:start_cmd:51 - Пользователь 1337142737 запустил бота
2025-03-14 12:49:10.263 | INFO     | __main__:start_cmd:51 - Пользователь 1337142737 запустил бота
2025-03-14 12:49:41.332 | INFO     | __main__:<module>:18 - Бот запущен
2025-03-14 12:49:41.812 | INFO     | __main__:main:235 - Запуск бота...
2025-03-14 12:49:47.873 | WARNING  | __main__:process_events_on_date:190 - Пользователь 1337142737 ввел неверный формат даты: Привет
2025-03-14 12:49:53.516 | INFO     | __main__:start_cmd:51 - Пользователь 1337142737 запустил бота
2025-03-14 12:49:57.464 | INFO     | __main__:add_event:67 - Пользователь 1337142737 запросил добавление события
2025-03-14 12:50:02.232 | INFO     | __main__:add_event:67 - Пользователь 1337142737 запросил добавление события
2025-03-14 12:50:03.945 | INFO     | __main__:show_events:109 - Пользователь 1337142737 запросил список событий
2025-03-14 12:50:03.946 | INFO     | __main__:show_events:113 - Событий нет в базе данных
2025-03-14 12:50:06.130 | INFO     | __main__:delete_event:132 - Пользователь 1337142737 запросил удаление события
2025-03-14 12:50:06.131 | INFO     | __main__:delete_event:136 - Событий нет в базе данных
2025-03-14 12:50:07.746 | INFO     | __main__:events_on_date:175 - Пользователь 1337142737 запросил события на дату
2025-03-14 12:50:34.305 | INFO     | __main__:<module>:18 - Бот запущен
2025-03-14 12:50:34.793 | INFO     | __main__:main:170 - Запуск бота...
2025-03-14 12:50:42.716 | INFO     | __main__:start_cmd:51 - Пользователь 1337142737 запустил бота
2025-03-14 12:50:44.967 | INFO     | __main__:add_event:64 - Пользователь 1337142737 запросил добавление события
2025-03-14 12:50:47.371 | INFO     | __main__:show_events:89 - Пользователь 1337142737 запросил список событий
2025-03-14 12:50:47.372 | INFO     | __main__:show_events:93 - Событий нет в базе данных
2025-03-14 12:50:49.326 | INFO     | __main__:delete_event:102 - Пользователь 1337142737 запросил удаление события
2025-03-14 12:50:49.327 | INFO     | __main__:delete_event:106 - Событий нет в базе данных
2025-03-14 12:50:50.282 | INFO     | __main__:events_on_date:130 - Пользователь 1337142737 запросил события на дату
2025-03-14 12:55:30.061 | INFO     | __main__:<module>:18 - Бот запущен
2025-03-14 12:55:30.549 | INFO     | __main__:main:262 - Запуск бота...
2025-03-14 12:55:47.554 | INFO     | __main__:start_cmd:51 - Пользователь 1337142737 запустил бота
2025-03-14 12:55:53.283 | INFO     | __main__:add_event:72 - Пользователь 1337142737 запросил добавление события
2025-03-14 12:55:56.824 | WARNING  | __main__:process_add_event:91 - Пользователь 1337142737 ввел неверный формат даты: 📋
2025-03-14 12:56:01.560 | INFO     | __main__:add_event:72 - Пользователь 1337142737 запросил добавление события
2025-03-14 12:56:25.866 | INFO     | __main__:process_add_event:104 - Пользователь 1337142737 добавил событие: прогулка на 2025-03-15
2025-03-14 12:56:32.148 | WARNING  | __main__:process_add_event:91 - Пользователь 1337142737 ввел неверный формат даты: 📋
2025-03-14 12:56:41.335 | WARNING  | __main__:process_add_event:91 - Пользователь 1337142737 ввел неверный формат даты: ❌
2025-03-14 12:56:45.105 | WARNING  | __main__:process_add_event:91 - Пользователь 1337142737 ввел неверный формат даты: 🔍
2025-03-14 12:56:46.757 | INFO     | __main__:add_event:72 - Пользователь 1337142737 запросил добавление события
2025-03-14 12:57:04.002 | INFO     | __main__:process_add_event:104 - Пользователь 1337142737 добавил событие: гулянка с друзьями на 2025-10-15
2025-03-14 12:57:11.173 | WARNING  | __main__:process_add_event:91 - Пользователь 1337142737 ввел неверный формат даты: 📋
2025-03-14 12:57:13.109 | WARNING  | __main__:process_add_event:91 - Пользователь 1337142737 ввел неверный формат даты: ❌
2025-03-14 12:57:14.211 | WARNING  | __main__:process_add_event:91 - Пользователь 1337142737 ввел неверный формат даты: 🔍
2025-03-14 12:57:24.925 | WARNING  | __main__:process_events_on_date:214 - Пользователь 1337142737 ввел неверный формат даты: 2025-16-17
2025-03-14 12:57:37.327 | WARNING  | __main__:process_add_event:91 - Пользователь 1337142737 ввел неверный формат даты: ❌
2025-03-14 13:01:42.183 | INFO     | __main__:<module>:18 - Бот запущен
2025-03-14 13:01:42.668 | INFO     | __main__:main:262 - Запуск бота...
2025-03-14 13:01:50.920 | INFO     | __main__:start_cmd:51 - Пользователь 1337142737 запустил бота
2025-03-14 13:01:54.663 | INFO     | __main__:add_event:72 - Пользователь 1337142737 запросил добавление события
2025-03-14 13:02:06.531 | INFO     | __main__:process_add_event:104 - Пользователь 1337142737 добавил событие: гуляем на 2025-10-15
2025-03-14 13:02:14.983 | WARNING  | __main__:process_add_event:91 - Пользователь 1337142737 ввел неверный формат даты: 📋
2025-03-14 13:02:18.302 | WARNING  | __main__:process_add_event:91 - Пользователь 1337142737 ввел неверный формат даты: ❌
2025-03-14 13:02:19.151 | WARNING  | __main__:process_add_event:91 - Пользователь 1337142737 ввел неверный формат даты: 🔍
2025-03-14 13:02:41.189 | INFO     | __main__:process_add_event:104 - Пользователь 1337142737 добавил событие: Встреча с друзьями на 2024-10-15
2025-03-14 13:02:42.961 | WARNING  | __main__:process_add_event:91 - Пользователь 1337142737 ввел неверный формат даты: 📋
2025-03-14 13:02:44.201 | WARNING  | __main__:process_add_event:91 - Пользователь 1337142737 ввел неверный формат даты: ❌
2025-03-14 13:03:03.851 | INFO     | __main__:process_add_event:104 - Пользователь 1337142737 добавил событие: Встреча с друзьями на 2023-10-15
2025-03-14 13:04:01.415 | INFO     | __main__:<module>:18 - Бот запущен
2025-03-14 13:04:01.904 | INFO     | __main__:main:170 - Запуск бота...
2025-03-14 13:04:15.289 | INFO     | __main__:start_cmd:51 - Пользователь 1337142737 запустил бота
2025-03-14 13:04:23.657 | INFO     | __main__:add_event:64 - Пользователь 1337142737 запросил добавление события
2025-03-14 13:04:51.894 | INFO     | __main__:process_add_event:83 - Пользователь 1337142737 добавил событие: Пара с лучшим преподом на 2025-03-14
2025-03-14 13:04:55.801 | INFO     | __main__:show_events:89 - Пользователь 1337142737 запросил список событий
2025-03-14 13:04:59.035 | INFO     | __main__:delete_event:102 - Пользователь 1337142737 запросил удаление события
2025-03-14 13:05:06.737 | INFO     | __main__:process_delete_event:123 - Пользователь 1337142737 удалил событие: прогулка на 2025-03-15
2025-03-14 13:05:10.834 | INFO     | __main__:show_events:89 - Пользователь 1337142737 запросил список событий
2025-03-14 13:05:13.185 | INFO     | __main__:add_event:64 - Пользователь 1337142737 запросил добавление события
2025-03-14 13:05:15.128 | INFO     | __main__:delete_event:102 - Пользователь 1337142737 запросил удаление события
2025-03-14 13:05:17.216 | INFO     | __main__:process_delete_event:123 - Пользователь 1337142737 удалил событие: Встреча с друзьями на 2024-10-15
2025-03-14 13:05:18.916 | INFO     | __main__:delete_event:102 - Пользователь 1337142737 запросил удаление события
2025-03-14 13:05:20.681 | INFO     | __main__:process_delete_event:123 - Пользователь 1337142737 удалил событие: гуляем на 2025-10-15
2025-03-14 13:05:21.528 | INFO     | __main__:delete_event:102 - Пользователь 1337142737 запросил удаление события
2025-03-14 13:05:23.542 | INFO     | __main__:process_delete_event:123 - Пользователь 1337142737 удалил событие: гулянка с друзьями на 2025-10-15
2025-03-14 13:05:25.163 | INFO     | __main__:delete_event:102 - Пользователь 1337142737 запросил удаление события
2025-03-14 13:05:26.726 | INFO     | __main__:process_delete_event:123 - Пользователь 1337142737 удалил событие: Встреча с друзьями на 2023-10-15
2025-03-14 13:05:29.488 | INFO     | __main__:show_events:89 - Пользователь 1337142737 запросил список событий
2025-03-14 13:05:38.281 | INFO     | __main__:show_events:89 - Пользователь 1337142737 запросил список событий
2025-03-14 13:09:48.603 | INFO     | __main__:<module>:19 - Бот запущен
2025-03-14 13:09:49.090 | INFO     | __main__:main:171 - Запуск бота...
2025-03-14 13:11:37.355 | INFO     | __main__:<module>:22 - Бот запущен
2025-03-14 13:11:37.839 | INFO     | __main__:main:192 - Запуск бота...
2025-03-14 13:13:40.080 | INFO     | __main__:<module>:19 - Бот запущен
2025-03-14 13:13:40.601 | INFO     | __main__:main:171 - Запуск бота...
2025-03-14 13:13:46.263 | INFO     | __main__:add_event:65 - Пользователь 1337142737 запросил добавление события
2025-03-14 13:14:02.725 | INFO     | __main__:process_add_event:84 - Пользователь 1337142737 добавил событие: прогулка на 2025-03-14
2025-03-14 13:14:12.048 | INFO     | __main__:show_events:90 - Пользователь 1337142737 запросил список событий
2025-03-14 13:14:18.553 | INFO     | __main__:delete_event:103 - Пользователь 1337142737 запросил удаление события
2025-03-14 13:14:20.054 | INFO     | __main__:process_delete_event:124 - Пользователь 1337142737 удалил событие: прогулка на 2025-03-14
2025-03-14 13:22:00.803 | INFO     | __main__:<module>:19 - Бот запущен
2025-03-14 13:22:01.295 | INFO     | __main__:main:171 - Запуск бота...
2025-03-14 13:23:40.221 | INFO     | __main__:<module>:22 - Бот запущен
2025-03-14 13:23:40.700 | INFO     | __main__:main:174 - Запуск бота...
2025-03-14 13:24:14.139 | INFO     | __main__:<module>:22 - Бот запущен
2025-03-14 13:24:14.621 | INFO     | __main__:main:290 - Запуск бота...
2025-03-14 13:24:14.749 | ERROR    | __main__:send_random_joke:62 - Ошибка при отправке анекдота: 2 validation errors for SendMessage
chat_id.int
  Input should be a valid integer [type=int_type, input_value=None, input_type=NoneType]
    For further information visit https://errors.pydantic.dev/2.10/v/int_type
chat_id.str
  Input should be a valid string [type=string_type, input_value=None, input_type=NoneType]
    For further information visit https://errors.pydantic.dev/2.10/v/string_type
2025-03-14 13:24:44.868 | ERROR    | __main__:send_random_joke:62 - Ошибка при отправке анекдота: 2 validation errors for SendMessage
chat_id.int
  Input should be a valid integer [type=int_type, input_value=None, input_type=NoneType]
    For further information visit https://errors.pydantic.dev/2.10/v/int_type
chat_id.str
  Input should be a valid string [type=string_type, input_value=None, input_type=NoneType]
    For further information visit https://errors.pydantic.dev/2.10/v/string_type
2025-03-14 13:24:52.735 | INFO     | __main__:<module>:22 - Бот запущен
2025-03-14 13:24:53.214 | INFO     | __main__:main:290 - Запуск бота...
2025-03-14 13:24:53.548 | INFO     | __main__:send_random_joke:60 - Опубликован анекдот: Идёт мужик в туалет, а кассирша говорит: - Мужчина, вы не видите, туалет платный? Мужик спрашивает: - Сколько? - Ну всё зависит от длины... если он у вас 10 см, то 10 рублей, если 20 см - то 20 рублей. Мужик протягивает руку и говорит: - Держите 100 рублей. Кассирша с удивлением: - Охохо...- Что охохо, сдачи 90 рублей давай!
2025-03-14 13:25:01.569 | INFO     | __main__:add_event:100 - Пользователь 1337142737 запросил добавление события
2025-03-14 13:25:23.846 | INFO     | __main__:send_random_joke:60 - Опубликован анекдот: – Откуда в доме запах перегара? – Это со мной!
2025-03-14 13:25:34.952 | INFO     | __main__:start_cmd:79 - Пользователь 509772629 запустил бота
2025-03-14 13:25:47.160 | WARNING  | __main__:process_add_event:119 - Пользователь 509772629 ввел неверный формат даты: Гер,
2025-03-14 13:25:54.231 | INFO     | __main__:send_random_joke:60 - Опубликован анекдот: Наши государственные и церковные вожди всегда глаголят истину, но никогда не говорят правду...
2025-03-14 13:26:24.547 | INFO     | __main__:send_random_joke:60 - Опубликован анекдот: Занимательная математика из книжки Перельмана: "Если забыть купить второй букет, то первый всегда делится на нечетное количество цветков жене и четное теще".
2025-03-14 13:26:43.048 | INFO     | __main__:add_event:100 - Пользователь 1337142737 запросил добавление события
2025-03-14 13:26:49.215 | WARNING  | __main__:process_add_event:119 - Пользователь 509772629 ввел неверный формат даты: Ар
2025-03-14 13:26:54.173 | INFO     | __main__:process_events_on_date:256 - На 2023-10-15 событий нет
2025-03-14 13:26:54.845 | INFO     | __main__:send_random_joke:60 - Опубликован анекдот: После пяти непопаданий грузинский биатлонист кинжалом зарезал мишень.
2025-03-14 13:26:56.532 | WARNING  | __main__:process_add_event:119 - Пользователь 1337142737 ввел неверный формат даты: 📋
2025-03-14 13:27:20.978 | WARNING  | __main__:process_add_event:119 - Пользователь 509772629 ввел неверный формат даты: 📋
2025-03-14 13:27:22.017 | INFO     | __main__:add_event:100 - Пользователь 509772629 запросил добавление события
2025-03-14 13:27:25.107 | INFO     | __main__:send_random_joke:60 - Опубликован анекдот: Людям не предназначено было работать в декабре. Мы должны прятаться от волков, пить, и молиться, чтобы осеннего урожая хватило протянуть до весны.
2025-03-14 13:27:55.315 | INFO     | __main__:send_random_joke:60 - Опубликован анекдот: Обычных детей приносит аист, а будущих начальников - птица-секретарь.
2025-03-14 13:30:19.909 | INFO     | __main__:<module>:22 - Бот запущен
2025-03-14 13:30:20.391 | INFO     | __main__:main:290 - Запуск бота...
2025-03-14 13:30:20.767 | INFO     | __main__:send_random_joke:60 - Опубликован анекдот: - Алло, здравствуйте, а Вася дома?- Нет. Это его мама. Ему что-нибудь передать?- Да, передайте, что я на аборт не согласна.
2025-03-14 13:30:20.771 | WARNING  | __main__:process_add_event:119 - Пользователь 509772629 ввел неверный формат даты: 📋
2025-03-14 13:30:20.800 | INFO     | __main__:process_add_event:132 - Пользователь 509772629 добавил событие: пиздить слона на 2025-03-14
2025-03-14 13:31:21.009 | INFO     | __main__:send_random_joke:60 - Опубликован анекдот: Толстый слой сала на вашей невероятной фигуре надежно защищает вас от голода, холода и блуда.
2025-03-14 13:31:25.249 | INFO     | __main__:start_cmd:79 - Пользователь 1337142737 запустил бота
2025-03-14 13:31:27.587 | INFO     | __main__:add_event:100 - Пользователь 1337142737 запросил добавление события
2025-03-14 13:31:43.074 | INFO     | __main__:process_add_event:132 - Пользователь 1337142737 добавил событие: встреча с друзьями на 2025-10-15
2025-03-14 13:31:44.990 | WARNING  | __main__:process_add_event:119 - Пользователь 1337142737 ввел неверный формат даты: Показать
2025-03-14 13:32:21.275 | INFO     | __main__:send_random_joke:60 - Опубликован анекдот: Если смотреть модное арт-хаусное кино задом наперед, то получится еще более модное арт-хаусное кино.
2025-03-14 13:33:21.598 | INFO     | __main__:send_random_joke:60 - Опубликован анекдот: Чтобы победить на перевыборах, Обама тоже решил вступить в ЕдинуюРоссию.
2025-03-14 13:40:59.851 | INFO     | __main__:<module>:24 - Бот запущен
2025-03-14 13:41:00.336 | INFO     | __main__:main:311 - Запуск бота...
2025-03-14 13:41:00.680 | INFO     | __main__:send_random_joke:66 - Опубликован анекдот: Судя по тому как наши чиновники сменяют друг друга на постах, - все они матёрые свингеры.
2025-03-14 13:41:45.371 | INFO     | __main__:start_cmd:87 - Пользователь 1337142737 запустил бота
2025-03-14 13:41:47.573 | INFO     | __main__:add_event:110 - Пользователь 1337142737 запросил добавление события
2025-03-14 13:41:59.845 | INFO     | __main__:process_add_event:143 - Пользователь 1337142737 добавил событие: купить на 2025-10-15
2025-03-14 13:42:00.939 | INFO     | __main__:send_random_joke:66 - Опубликован анекдот: В сложное время живем. Состоятельным людям, чтобы перевести деньги за рубеж, приходится выдавать это за обман телефонными мошенниками.
2025-03-14 13:42:03.079 | WARNING  | __main__:process_add_event:130 - Пользователь 1337142737 ввел неверный формат даты: 📋
2025-03-14 13:42:08.185 | INFO     | __main__:process_add_event:143 - Пользователь 1337142737 добавил событие: купить на 2025-10-15
2025-03-14 13:42:09.448 | WARNING  | __main__:process_add_event:130 - Пользователь 1337142737 ввел неверный формат даты: ❌
2025-03-14 13:42:10.924 | WARNING  | __main__:process_add_event:130 - Пользователь 1337142737 ввел неверный формат даты: 🔍
2025-03-14 13:42:41.220 | INFO     | __main__:<module>:24 - Бот запущен
2025-03-14 13:42:41.702 | INFO     | __main__:main:311 - Запуск бота...
2025-03-14 13:42:42.131 | INFO     | __main__:send_random_joke:66 - Опубликован анекдот: Заметьте, родители говорят: "Мы так в детстве не поступали", только если рядом нет бабушки и дедушки.
2025-03-14 13:42:44.828 | INFO     | __main__:add_event:110 - Пользователь 1337142737 запросил добавление события
2025-03-14 13:42:46.527 | WARNING  | __main__:process_add_event:130 - Пользователь 1337142737 ввел неверный формат даты: 📋
2025-03-14 13:42:47.558 | WARNING  | __main__:process_add_event:130 - Пользователь 1337142737 ввел неверный формат даты: ❌
2025-03-14 13:42:48.450 | WARNING  | __main__:process_add_event:130 - Пользователь 1337142737 ввел неверный формат даты: 🔍
2025-03-14 13:47:17.974 | INFO     | __main__:<module>:22 - Бот запущен
2025-03-14 13:47:18.461 | INFO     | __main__:main:290 - Запуск бота...
2025-03-14 13:47:18.810 | INFO     | __main__:send_random_joke:60 - Опубликован анекдот: Разговаривают два бизнесмена:- В последнее время я так устаю,что не получаю удовольствия  от секса с женой.- А ты почаще применяй позицию "сзади".- А что, так кайфа больше?- Нет, не больше, но зато не надо делать счастливую рожу.
2025-03-14 13:47:18.831 | INFO     | __main__:start_cmd:79 - Пользователь 1337142737 запустил бота
2025-03-14 13:47:24.078 | INFO     | __main__:add_event:100 - Пользователь 1337142737 запросил добавление события
2025-03-14 13:47:26.333 | WARNING  | __main__:process_add_event:119 - Пользователь 1337142737 ввел неверный формат даты: Показать
2025-03-14 13:47:28.634 | WARNING  | __main__:process_add_event:119 - Пользователь 1337142737 ввел неверный формат даты: Удалить
2025-03-14 13:47:29.640 | WARNING  | __main__:process_add_event:119 - Пользователь 1337142737 ввел неверный формат даты: События
2025-03-14 13:48:19.038 | INFO     | __main__:send_random_joke:60 - Опубликован анекдот: Обладательница изысканных манер, изящной непосредственности и редкого чувства такта, до сих пор не может понять, где и как, твою мать! всем этим пользоваться.
2025-03-14 13:49:19.309 | INFO     | __main__:send_random_joke:60 - Опубликован анекдот: Надпись у входа в кабинет психиатра:``Больным, ожидающим  приема,  просьба  не делиться друг сдругом симптомами заболевания. Это затрудняет постановкудиагноза``
2025-03-14 13:50:19.612 | INFO     | __main__:send_random_joke:60 - Опубликован анекдот: Все спрятали зимнюю одежду? Не забудьте проверить карманы! Осенью этиденьги могут стоить меньше, и новую флешку не надо покупать )))
2025-03-14 13:50:35.059 | INFO     | __main__:<module>:22 - Бот запущен
2025-03-14 13:50:35.542 | INFO     | __main__:main:290 - Запуск бота...
2025-03-14 13:50:35.666 | ERROR    | __main__:send_random_joke:62 - Ошибка при отправке анекдота: 2 validation errors for SendMessage
chat_id.int
  Input should be a valid integer [type=int_type, input_value=None, input_type=NoneType]
    For further information visit https://errors.pydantic.dev/2.10/v/int_type
chat_id.str
  Input should be a valid string [type=string_type, input_value=None, input_type=NoneType]
    For further information visit https://errors.pydantic.dev/2.10/v/string_type
2025-03-14 13:50:57.098 | INFO     | __main__:<module>:22 - Бот запущен
2025-03-14 13:50:57.575 | INFO     | __main__:main:290 - Запуск бота...
2025-03-14 13:50:57.932 | INFO     | __main__:send_random_joke:60 - Опубликован анекдот: Удивительно, как быстро меняется волевое, честное, открытое, лицо на предвыборных плакатах кандидата - на сонную,  безразличную, лоснящуюся рожу действующего депутата...
2025-03-14 13:51:09.665 | WARNING  | __main__:process_add_event:119 - Пользователь 1337142737 ввел неверный формат даты: Добавить
2025-03-14 13:51:11.801 | WARNING  | __main__:process_add_event:119 - Пользователь 1337142737 ввел неверный формат даты: Добавить
2025-03-14 13:51:26.034 | INFO     | __main__:start_cmd:79 - Пользователь 1337142737 запустил бота
2025-03-14 13:51:28.237 | INFO     | __main__:send_random_joke:60 - Опубликован анекдот: Нужно, чтобы люди в офисе, мимо которых ты уже сегодня один раз прошёл, становились фиолетовыми, цвета посещенной ссылки. Чтобы не вспоминать, здоровался ты с ними или ещё нет.
2025-03-14 13:51:28.595 | INFO     | __main__:add_event:100 - Пользователь 1337142737 запросил добавление события
2025-03-14 13:51:39.328 | INFO     | __main__:process_add_event:132 - Пользователь 1337142737 добавил событие: хуй на 2025-10-15
2025-03-14 13:51:42.056 | WARNING  | __main__:process_add_event:119 - Пользователь 1337142737 ввел неверный формат даты: 📋
2025-03-14 13:51:58.508 | INFO     | __main__:send_random_joke:60 - Опубликован анекдот: Иногда мне кажется, что в банкоматах есть какая-то скрытая игра!!! А иначе, какого хрена некоторые так долго торчат возле них?..
2025-03-14 13:52:28.779 | INFO     | __main__:send_random_joke:60 - Опубликован анекдот: Марь Иванна на уроке физики:- Вовочка, в принципе в твоей работе все верно, но ГейЛюссак это имя  собственное, а не половая ориентация ученого...
2025-03-14 13:52:59.011 | INFO     | __main__:send_random_joke:60 - Опубликован анекдот: А чего все вдруг об американских выборах заговорили? Нормально же квадроберов обсуждали...
2025-03-14 13:53:29.251 | INFO     | __main__:send_random_joke:60 - Опубликован анекдот: Не задавайте боксеру вопросов, на которые он не сможет ответить словами.
2025-03-14 13:53:59.464 | INFO     | __main__:send_random_joke:60 - Опубликован анекдот: Когда в инструкции по приему Виагры пишут – страдающим гипертонической болезнью принимать под наблюдением врача – я думаю – а он будет просто сидеть рядом и наблюдать, или будет тоже участвовать.
2025-03-14 13:54:29.790 | INFO     | __main__:send_random_joke:60 - Опубликован анекдот: Мужик заходит в видеопрокат.- Добрый вечер, семичасовые новости есть?
2025-03-14 13:54:43.253 | INFO     | __main__:<module>:22 - Бот запущен
2025-03-14 13:54:43.743 | INFO     | __main__:main:292 - Запуск бота...
2025-03-14 13:54:44.099 | INFO     | __main__:send_random_joke:60 - Опубликован анекдот: Врач:- Чтобы желудок не болел, выпивайте ежедневно утром стакан  теплой воды.Пациент:- Я так и делаю уже давно. Только моя мымра это называет чаем...
2025-03-14 13:55:16.231 | INFO     | __main__:send_random_joke:60 - Опубликован анекдот: В сложное время живем. Состоятельным людям, чтобы перевести деньги за рубеж, приходится выдавать это за обман телефонными мошенниками.
2025-03-14 13:55:19.675 | INFO     | __main__:start_cmd:79 - Пользователь 1337142737 запустил бота
2025-03-14 13:55:21.126 | INFO     | __main__:add_event:100 - Пользователь 1337142737 запросил добавление события
2025-03-14 13:55:46.552 | INFO     | __main__:send_random_joke:60 - Опубликован анекдот: Плакат в изpаильcком аэpопоpту Лод, куда пpибываютновые pепатpианты:``Hе думайте, что вы cамый умный! Здеcь вcе евpеи.``
2025-03-14 13:56:17.872 | INFO     | __main__:<module>:22 - Бот запущен
2025-03-14 13:56:18.351 | INFO     | __main__:main:290 - Запуск бота...
2025-03-14 13:56:18.683 | INFO     | __main__:send_random_joke:60 - Опубликован анекдот: Посадил дед Боинг - выросла буча большая-пребольшая...
2025-03-14 13:56:29.057 | INFO     | __main__:start_cmd:79 - Пользователь 1337142737 запустил бота
2025-03-14 13:56:30.525 | INFO     | __main__:add_event:100 - Пользователь 1337142737 запросил добавление события
2025-03-14 13:56:44.303 | INFO     | __main__:process_add_event:132 - Пользователь 1337142737 добавил событие: Гуляем на 2025-10-15
2025-03-14 13:56:47.281 | WARNING  | __main__:process_add_event:118 - Пользователь 1337142737 ввел неверный формат даты: Показать
2025-03-14 13:56:48.979 | INFO     | __main__:send_random_joke:60 - Опубликован анекдот: Занимательная математика.А знаете ли вы, что:- если все китайцы возьмутся за руки и встанут в одну линию,  то они опоясают земной шар 30 раз;- а если встанут друг другу на голову, то перекроют расстояние  до Луны 4 раза;- а когда бы они все одновременно помочились, то им понадобился бы  горшок объемом 240,000,000 литров;- ну а если они сходят по-большому, то вывозить эту кучу придется  на 36,000 КАМАЗах;...Хотя, если их всех утопить, то мировой океан поднимется всего-навсегона 0.0002 миллиметра.
2025-03-14 13:57:18.816 | INFO     | __main__:<module>:22 - Бот запущен
2025-03-14 13:57:19.442 | INFO     | __main__:main:290 - Запуск бота...
2025-03-14 13:57:19.820 | INFO     | __main__:send_random_joke:60 - Опубликован анекдот: - Алло, Дания? Это из Вашингтона звонят. Прямо сейчас Путин пытается украсть у вас Гренландию. Срочно переводите её на безопасный штат.
2025-03-14 13:57:23.498 | INFO     | __main__:add_event:100 - Пользователь 1337142737 запросил добавление события
2025-03-14 13:57:24.880 | WARNING  | __main__:process_add_event:118 - Пользователь 1337142737 ввел неверный формат даты: Показать
2025-03-14 13:57:50.170 | INFO     | __main__:send_random_joke:60 - Опубликован анекдот: «То, что хакеры обнародовали документы об употреблении допинга спортсменами США, подрывает доверие к России», - генеральный директор WADA.
2025-03-14 13:58:20.467 | INFO     | __main__:send_random_joke:60 - Опубликован анекдот: На сигаретных пачках пишут "Вызывает рак лёгких", на водочных бутылках - "Вредит здоровью". Почему же на женщинах не пишут "Конец нервной системе"?
2025-03-14 13:58:44.789 | INFO     | __main__:<module>:22 - Бот запущен
2025-03-14 13:58:45.279 | INFO     | __main__:main:286 - Запуск бота...
2025-03-14 13:58:45.688 | INFO     | __main__:send_random_joke:60 - Опубликован анекдот: Каждый день надежда лечь спать пораньше умирает на просторах Интернета...
2025-03-14 13:58:49.822 | INFO     | __main__:add_event:100 - Пользователь 1337142737 запросил добавление события
2025-03-14 13:58:52.843 | INFO     | __main__:add_event:100 - Пользователь 1337142737 запросил добавление события
2025-03-14 13:58:54.236 | INFO     | __main__:start_cmd:79 - Пользователь 1337142737 запустил бота
2025-03-14 13:58:55.492 | INFO     | __main__:add_event:100 - Пользователь 1337142737 запросил добавление события
2025-03-14 13:59:05.265 | INFO     | __main__:process_add_event:128 - Пользователь 1337142737 добавил событие: купить на 2025-10-15
2025-03-14 13:59:06.625 | WARNING  | __main__:process_add_event:118 - Пользователь 1337142737 ввел неверный формат даты: Показать
2025-03-14 13:59:16.038 | INFO     | __main__:send_random_joke:60 - Опубликован анекдот: Выборы по-демократически: будете выбирать, пока не выберете демократов!
2025-03-14 13:59:36.473 | INFO     | __main__:<module>:22 - Бот запущен
2025-03-14 13:59:36.953 | INFO     | __main__:main:275 - Запуск бота...
2025-03-14 13:59:37.336 | INFO     | __main__:send_random_joke:60 - Опубликован анекдот: Маршрутка. Заходит пьяный мужик. На вопрос водителя об оплате говорит,что у него нет денег.- На водку-то были? - спрашивает шеф.- Меня друг угостил, - оправдывается мужик.- А почему на дорогу не дал?- Ну почему же не дал... - вытаскивает из-за пазухи бутылку водки.
2025-03-14 13:59:38.909 | INFO     | __main__:start_cmd:79 - Пользователь 1337142737 запустил бота
2025-03-14 13:59:41.995 | INFO     | __main__:add_event:100 - Пользователь 1337142737 запросил добавление события
2025-03-14 13:59:47.203 | INFO     | __main__:process_add_event:117 - Пользователь 1337142737 добавил событие: купить на 2025-10-15
2025-03-14 13:59:48.862 | INFO     | __main__:process_add_event:117 - Пользователь 1337142737 добавил событие: события на Показать
2025-03-14 14:00:02.757 | INFO     | __main__:process_add_event:117 - Пользователь 1337142737 добавил событие: событие на Удалить
2025-03-14 14:00:07.649 | INFO     | __main__:send_random_joke:60 - Опубликован анекдот: Когда-то, в молодости, моя жена была умной и умела, при необходимости, включать дуру. Но однажды выключатель обломился во включенном положении и тут началось…
2025-03-14 14:00:37.930 | INFO     | __main__:send_random_joke:60 - Опубликован анекдот: Каждый мужчина должен построить дом, вырастить сына и посадить дерево.- А вы построили дом?- Да.- А вы вырастили сына?- Ну да.- А посадили дерево?- Да этот ДУБ уже сидит!
2025-03-14 14:01:08.179 | INFO     | __main__:send_random_joke:60 - Опубликован анекдот: Мужчина:- Мужчина может все!Женщина:- И это – все?
2025-03-14 14:10:59.307 | INFO     | __main__:<module>:22 - Бот запущен
2025-03-14 14:11:00.144 | INFO     | __main__:send_random_joke:58 - Опубликован анекдот: Поправки попрали конституцию
2025-03-14 14:12:00.457 | INFO     | __main__:send_random_joke:58 - Опубликован анекдот: Парень, работающий в ИТ, рассказал, что он никогда не просит клиента по телефону проверить, подключен ли кабель, а просит вытащить его, продуть и вставить обратно. Таким образом, у клиента есть шанс сохранить лицо, если кабель не подключен.
2025-03-14 14:13:00.712 | INFO     | __main__:send_random_joke:58 - Опубликован анекдот: Работа не волк... В лес не убежит?.. А вдруг убежит??..Так, за раздумьями и мечтами, и проходит рабочий день...
2025-03-14 14:14:00.977 | INFO     | __main__:send_random_joke:58 - Опубликован анекдот: Через школьный двор тропа. На её концах в заборе дыры. Директор школы забила дыры фанерой. Оторвали. Досками. Оторвали. Рабицей. Оторвали. Железный прут. Отломали. Посадила саженцы в проходе. Вытоптали. Плюнула. Сделала цивильные ворота, тропу замостили плиткой. Теперь рядом с ней новая тропа с вытоптанной травой и две новые дыры в заборе.
2025-03-14 14:15:01.307 | INFO     | __main__:send_random_joke:58 - Опубликован анекдот: Очень грамотно поступили в свое время наши власти, сосредоточив здравоохранение и социалку в руках одного министра. Тот быстро сообразил, что увеличение продолжительности жизни россиян разоряет подведомственный ему Пенсионный фонд, и, естественно, делает все возможное, чтобы этого не допустить...
2025-03-14 14:16:01.568 | INFO     | __main__:send_random_joke:58 - Опубликован анекдот: Девушку спрашивают: во сколько первый раз влюбилась? В 16. А во второйраз? В 16:30.
2025-03-14 14:17:01.934 | INFO     | __main__:send_random_joke:58 - Опубликован анекдот: Б-а-рис жил, паним-а-шь, Б-а-рис жив, Б-а-рис будет жить...                                              И.О. Бориса
2025-03-14 14:19:00.388 | INFO     | __main__:<module>:25 - Бот запущен
2025-03-14 14:19:01.279 | INFO     | __main__:send_random_joke:61 - Опубликован анекдот: Самое непростое в жизни – понять, какой мост следует перейти, а какой сжечь.
2025-03-14 14:20:01.562 | INFO     | __main__:send_random_joke:61 - Опубликован анекдот: Удачно установленная камера видеофиксации на Кутузовском обошла по годовым сборам весь Российский кинематограф.
2025-03-14 14:20:35.023 | INFO     | __main__:<module>:25 - Бот запущен
2025-03-14 14:20:35.963 | INFO     | __main__:send_random_joke:61 - Опубликован анекдот: - Бэрримор, а что конец света уже наступил?- Нет, сэр, еще репетируют.
2025-03-14 14:21:36.203 | INFO     | __main__:send_random_joke:61 - Опубликован анекдот: - Мужчина! Что вы се6е позволяете?!- Девушка, с моими возможностями я могу себе позволить многое!..- Мужчина! Да за кого вы меня принимаете?!- Девушка, я был бы не против с вами где-нибудь принять!..- Мужчина! Да расслабьтесь!..- Девушка, я с удоволствием расслаблюсь, но в одиночку не пью...- Мужчина! Да катитесь вы!...- Девушка, конечно прокатимся! Я не из тех, кто даму в номера пешком  ведет..- Мужчина! Да я вам щас ка-ак дам!- Девушка! Давайте по порядку: сначала позволим, затем примем, после  расслабимся, позже прокатимся и только потом дадите...- Ладно, мужчина, вы конечно же нахал, но как уговаривать умеете!!!                           (с)Ivan Fuckov
2025-03-14 14:22:36.460 | INFO     | __main__:send_random_joke:61 - Опубликован анекдот: Не могу понять, чего все докопались до Захарченко.Ведь даже школьнику понятно, чем больше взяток возьмет борец с коррупцией, тем меньше их достанется коррупционерам.Возможно, его даже следует наградить именными часами.Хотя ... что-то мне подсказывает - есть у него уже квартира часов.
2025-03-14 14:23:36.709 | INFO     | __main__:send_random_joke:61 - Опубликован анекдот: Самый долгий выпускной был зафиксирован в Норильске - ребята полгодаждали рассвет.
2025-03-14 14:24:37.080 | INFO     | __main__:send_random_joke:61 - Опубликован анекдот: - на Новый Год купил горящую путевку на Бали- ну, и как там, понравилось ?- как, как... оказалось, в контракте между словами "На", "Бали" - была  крохотная буковка "Е"
2025-03-14 14:27:52.810 | INFO     | __main__:<module>:25 - Бот запущен
2025-03-14 14:27:53.823 | INFO     | __main__:send_random_joke:61 - Опубликован анекдот: Остановился наш турист за границей в отеле дешевом. Сортир,и тот на лестнице. Естественно, прихватывает живот. Бежит мужикв туалет - там занято. На другой этаж - и там занято. На улицу -а там платный. Возвращается в тоске в свой номер, вдруг видит -цветок в горшке. Он цветок вытряхивает, отводит душу, а потомцветок - на место. И в нирване.Через месяц получает письмо из отеля:"Дорогой мистер такой-то. К вам обращается весь штат отеля такого-то.Вам все заранее прощается. Просто напишите нам, куда вы это сделали."
2025-03-14 14:28:22.490 | INFO     | __main__:<module>:25 - Бот запущен
2025-03-14 14:28:23.329 | INFO     | __main__:send_random_joke:61 - Опубликован анекдот: - Светка, что ты замуж-то никак не выйдешь? - Ой, Ленка, я тут давеча дала объявление: "Ищу верного спутника жизни", так мне только из собачьего питомника позвонили.
2025-03-14 14:28:30.704 | ERROR    | __main__:process_add_event:118 - Ошибка при добавлении события: time data '📋' does not match format '%Y-%m-%d'
2025-03-14 14:29:23.615 | INFO     | __main__:send_random_joke:61 - Опубликован анекдот: - А как, кстати, правильно писать: «спизжу» или «спиздю»?- Данный глагол нельзя употреблять в будущем времени, могут услышать и перепрятать.
2025-03-14 14:30:01.720 | INFO     | __main__:<module>:25 - Бот запущен
2025-03-14 14:30:02.618 | INFO     | __main__:send_random_joke:61 - Опубликован анекдот: - Вовочка, ты наверное переутомился, когда к экзамену по литературе  готовился?!- С чего это?- Ну вот ты пишешь, будто Пушкин вызвал на дуэль Лермонтова из-за  Татьяны Лариной, а секундантом у них был Дантес? А Герасим утопил Анну  Каренину за тайную лесбийскую связь с Муму?!! Это же бред сивой  кобылы!!!- Бред не бред, а в желтой прессе уже третий год публикуюсь!
2025-03-14 14:30:20.796 | ERROR    | __main__:process_add_event:120 - Ошибка при добавлении события: time data '📋' does not match format '%Y-%m-%d'
2025-03-14 14:30:32.800 | ERROR    | __main__:process_add_event:120 - Ошибка при добавлении события: time data '📋' does not match format '%Y-%m-%d'
2025-03-14 14:30:33.888 | ERROR    | __main__:process_add_event:120 - Ошибка при добавлении события: time data '🔍' does not match format '%Y-%m-%d'
2025-03-14 14:30:34.742 | ERROR    | __main__:process_add_event:120 - Ошибка при добавлении события: time data '❌' does not match format '%Y-%m-%d'
2025-03-14 14:30:34.899 | ERROR    | __main__:process_add_event:120 - Ошибка при добавлении события: time data '❌' does not match format '%Y-%m-%d'
2025-03-14 14:30:35.078 | ERROR    | __main__:process_add_event:120 - Ошибка при добавлении события: time data '❌' does not match format '%Y-%m-%d'
2025-03-14 14:30:35.339 | ERROR    | __main__:process_add_event:120 - Ошибка при добавлении события: time data '❌' does not match format '%Y-%m-%d'
2025-03-14 14:30:35.636 | ERROR    | __main__:process_add_event:120 - Ошибка при добавлении события: time data '❌' does not match format '%Y-%m-%d'
2025-03-14 14:30:35.809 | ERROR    | __main__:process_add_event:120 - Ошибка при добавлении события: time data '❌' does not match format '%Y-%m-%d'
2025-03-14 14:30:36.130 | ERROR    | __main__:process_add_event:120 - Ошибка при добавлении события: time data '❌' does not match format '%Y-%m-%d'
2025-03-14 14:30:36.499 | ERROR    | __main__:process_add_event:120 - Ошибка при добавлении события: time data '❌' does not match format '%Y-%m-%d'
2025-03-14 14:30:36.813 | ERROR    | __main__:process_add_event:120 - Ошибка при добавлении события: time data '❌' does not match format '%Y-%m-%d'
2025-03-14 14:31:02.894 | INFO     | __main__:send_random_joke:61 - Опубликован анекдот: Смерть забирает самых лучших. Поэтому я усиленно деградирую последние несколько лет.
2025-03-14 14:32:03.225 | INFO     | __main__:send_random_joke:61 - Опубликован анекдот: "Спонсировать юных талантливых композиторов? Вам, блять, чумачечей весны мало?" В.В. Жириновский
2025-03-14 14:32:09.060 | INFO     | __main__:<module>:25 - Бот запущен
2025-03-14 14:32:09.900 | INFO     | __main__:send_random_joke:61 - Опубликован анекдот: Если воры предлагают вам пойти на компромисс, значит они еще и жулики.
2025-03-14 14:33:10.147 | INFO     | __main__:send_random_joke:61 - Опубликован анекдот: Десятилетний Андрей обсуждает "женский вопрос" со своим другом Димой: - Я проводил Катю Смирнову домой пять раз, всегда нёс её портфель, два раза угощал её мороженым и один раз сделал за неё домашнее задание. Как ты думаешь, я уже могу её поцеловать? - Нет, - ответил Дима, - ты и так для неё много сделал.
2025-03-14 14:34:10.468 | INFO     | __main__:send_random_joke:61 - Опубликован анекдот: Владимир Жириновский заявил, что президента должны выбирать уважаемые члены Госсовета, а не лесорубы и доярки.Ну то есть нынешнего президента, избранного лесорубами и доярками, он считает недостойным?
2025-03-14 14:35:10.733 | INFO     | __main__:send_random_joke:61 - Опубликован анекдот: Училка:- Ну, вот, возьмем, например маленького, очень занятого  муравья. Он каждый день и весь день работает и работает и  работает. И что потом происходит? Кто знает?Вовочка:- А потом какая-то сука возьмет да и наступит на него...
2025-03-14 14:36:11.000 | INFO     | __main__:send_random_joke:61 - Опубликован анекдот: Реднеками в Америке зовут южан.Итак.... вы знаете, что вы - техасский реднек, если:1. Вы вернулись домой со свалки, прихватив с собой больше, чем вы тудаотнесли.2. На вашем кухонном столе лежит ловушка для тараканов.3. В рождественском подарочном списке вашей бабушки есть графа"боеприпасы".4. Вы думаете, что подразделение - арифметическая операция.5. Вы моетесь мылом от блох и клещей.6. Вы судитесь со своей бывшей женой за право жить со своей охотничьейсобакой.7. Ваш бензобак заткнут старым нижним бельем.8. Выгуливая собаку, вы пользуетесь тем же деревом, что и она.9. Можете развлекать себя мухобойкой больше часу.10. Ваш двор постоянно путают с центром вторсырья.11. Ваша лодка не покидала вашего двора 15 лет.12. Вместо того, чтобы стричь траву во дворе, вы ее поджигаете.13. Армия спасения отказалась принять ваш матрац.14. Вы считаетс, что фастфуд - это сбить оленя на скорости 100км/ч.15. Вы предлагаете кому-то последнюю рубаху с себя, и получаете отказ.16. Номер телефона местного таксидермиста - на вашем скоростном наборе.17. В вашем доме нет занавесок, но они есть на вашем грузовике.18. Вы удивляетесь тому, как туристским центрам удается держать туалетытакими чистыми.19. Вы можете плюнуть, не открывая рта.20. Вы считаете номера вашей машины персонифицированными, потому что ихсделал ваш папа.21. Ваша жизненная амбиция - стать владельцем киоска по продажепиротехники.22. Самый большой город, в котором вы были - местный супермаркет.23. Ваш исправный телевизор стоит на вашем неисправном телевизоре.24. Вы пользуетесь гладильной доской как буфетной стойкой.25. Ваши соседи думают, что вы - следователь, потому что вас постояннопривозит домой полиция.26. Смерч проходит через ваш двор и результатом является улучшениевашего дома на сумму в 100,000 долларов.27. Вы пользуетесь ершом для унитазов, как чесалкой спины.
2025-03-14 14:36:48.848 | INFO     | __main__:<module>:25 - Бот запущен
2025-03-14 14:36:49.657 | INFO     | __main__:send_random_joke:61 - Опубликован анекдот: Реальная история, приключившаяся с одним моим знакомым.   Зашел он как-то в старую часть города на Севере Израиля;в общем, гулял, посещал исторические места. Дело шло ближек вечеру - темнеет быстро. Так как старая часть городаявляется арабской - становилось опасно; евреи все разошлись,полиция уехала. Ища выход, он заблудился среди узких улиц.Тут наш герой запаниковал, забегал... здесь тупик, там тупик.Арабы на него еще смотрят так угрожающе. Полчаса бегал, устал,сел у стены, сидит... Подходит средних лет араб с Кока-Колойв руках и говорит: ``Я вот наблюдаю за тобой уже полчаса, какты бегом занимаешься, устал, наверное, на вот - освежись``.
2025-03-14 14:37:49.904 | INFO     | __main__:send_random_joke:61 - Опубликован анекдот: Цирк. Свет гаснет. Светит только один прожектор.Под куполом натягивается канат. На канате балансируетчеловек. Он ставит на канат стул на две ножки,встает на голову на сиденье и начинает играть на скрипке.В задних рядах публики раздается голос:- Идем отсюда, дорогая. Это не Ойстрах.
2025-03-14 14:38:50.264 | INFO     | __main__:send_random_joke:61 - Опубликован анекдот: Проходя мимо мавзолея и мельком взглянув на надпись, Путин подумал: "Всего делов-то, три буквы заменить..."
2025-03-14 14:39:50.571 | INFO     | __main__:send_random_joke:61 - Опубликован анекдот: Ночь темна и полна ужасов, и лишь холодильник в ней светел и полон обещаний.
2025-03-14 14:40:50.828 | INFO     | __main__:send_random_joke:61 - Опубликован анекдот: А чо, так мона было? - единственная мысль, которая теперь крутится в голове у Януковича после событий в Казахстане.
2025-03-14 14:41:51.049 | INFO     | __main__:send_random_joke:61 - Опубликован анекдот: Сделка считается выгодной, если обе стороны убеждены, что обманули друг друга.
2025-03-14 14:42:51.315 | INFO     | __main__:send_random_joke:61 - Опубликован анекдот: На прямой линии с Путином. Бегущая строка: Житель Санкт-Петербурга студент Родион Раскольников интересуется, когда наконец будет достойная пенсия у наших стариков.
2025-03-14 14:43:51.549 | INFO     | __main__:send_random_joke:61 - Опубликован анекдот: В день голосования будут организованы народные гулянья, а на главной площади каждого города будет сожжено чучело Конституции.
2025-03-14 14:44:51.794 | INFO     | __main__:send_random_joke:61 - Опубликован анекдот: - У нас сейчас не тридцать седьмой год.- Да, только пока неясно: еще или уже.
2025-03-14 14:45:52.049 | INFO     | __main__:send_random_joke:61 - Опубликован анекдот: Посетитель ресторана в сильном подпитии музыкантам:- Ребята, а вы можете сыграть песню на заказ?Музыканты:- Сможем наверно, если слышали её.- Сыграйте мне "Избушку"!Музыканты в шоке, что за "Избушка", какая к чёрту "Избушка", никто никогда не слышал, но пАрнас (деньги) уже у вокалиста, надо играть как-то...Вокалист:- Так, парни, всем тональность Ля-минор, барабанщик, тебе две четверти, сто ударов, поехали! Ун-ца, ун-ца...Играют полную отсебятину минуты три, вокалист кое-где вставляет ключевое: "Избушка". Вдруг видят посетитель плачет. Доиграли. Спрашивают:- Ты чего, мужик, случилось что?- Всё нормально. Спасибо ребята! В каких только кабаках не заказывал "Избушку", но ваша круче всех!
2025-03-14 14:46:52.393 | INFO     | __main__:send_random_joke:61 - Опубликован анекдот: Обычный рабочий день на АвтоВАЗе. Двое рабочих.- Эээ! Ты куда это прибил???- Да поеееедет!!!
2025-03-14 14:47:57.302 | INFO     | __main__:<module>:25 - Бот запущен
2025-03-14 14:47:58.151 | INFO     | __main__:send_random_joke:61 - Опубликован анекдот: Вот почему все, абсолютно все, когда узнают, что я строю дома паровой двигатель, лью алюминий и помаленьку собираю фрезерный станок, советуют мне поскорее жениться?!
2025-03-14 14:48:58.377 | INFO     | __main__:send_random_joke:61 - Опубликован анекдот: - Дорогой, включи Первый канал!- Ну включил.- Что там идет?- Давай поженимся.- Я согласна!
2025-03-14 14:49:41.027 | INFO     | __main__:<module>:25 - Бот запущен
2025-03-14 14:49:41.847 | INFO     | __main__:send_random_joke:61 - Опубликован анекдот: - В наше время никому верить нельзя. Вон на пакетике с семенами было написано «Петрушка», а взошла полынь. Посеяла баклажаны -  оказался табак. Вместо укропа вообще какая-то хрень выросла.- Не хрень, а конопля. В протоколе расписывайтесь, гражданочка.
2025-03-14 14:50:42.101 | INFO     | __main__:send_random_joke:61 - Опубликован анекдот: 18-й раз за 18 лет у власти Путин пообещал предпринимателям снижение давления на бизнес.
2025-03-14 14:51:42.566 | INFO     | __main__:send_random_joke:61 - Опубликован анекдот: Психиатр говорит, что я зациклен на мести. Это мы, блять, ещё посмотрим.
2025-03-14 14:52:42.828 | INFO     | __main__:send_random_joke:61 - Опубликован анекдот: В московском метро машинист предупреждает пассажиров по громкой связи: - В связи с угрозой распространения нового штамма коронавируса поезд проследует станцию "Китай-город" без остановки.
2025-03-14 14:53:43.050 | INFO     | __main__:send_random_joke:61 - Опубликован анекдот: Все-таки женщины не отличаются пунктуальностью. Позвонил я тут своей девушке, и она мне выдала:- Я же сказала, что буду через 5 минут, так что незачем мне названивать каждые полчаса!
2025-03-14 14:54:43.376 | INFO     | __main__:send_random_joke:61 - Опубликован анекдот: Компания "Нескафе" - ведущий производитель банок для окурков!!!
2025-03-14 14:55:43.592 | INFO     | __main__:send_random_joke:61 - Опубликован анекдот: Из посленовогодней песни:..Печень Вам не скажет - До свиданья!Печень попрощается с тобой..
2025-03-14 14:56:43.855 | INFO     | __main__:send_random_joke:61 - Опубликован анекдот: Тележурналист-заика проклял Ингеборгу Дапкунайте и город Сыктывкар.
2025-03-14 14:57:44.074 | INFO     | __main__:send_random_joke:61 - Опубликован анекдот: Сегодня на пробежке понял, что можно подойти к любому бегающему человеку, в принципе, даже к незнакомому, спросить у него: "Ну, как твоя нога?", - и получить развёрнутый ответ.
2025-03-14 14:58:17.799 | INFO     | __main__:<module>:25 - Бот запущен
2025-03-14 14:58:18.780 | INFO     | __main__:send_random_joke:61 - Опубликован анекдот: - Вы верите в бога?- В платного - нет.
2025-03-14 14:59:18.996 | INFO     | __main__:send_random_joke:61 - Опубликован анекдот: - Вчера Сидоров сдал тест на ковид.- И какой результат?- Сегодня уже позвонил ритуальный агент.
2025-03-14 15:00:19.292 | INFO     | __main__:send_random_joke:61 - Опубликован анекдот: Смерть наступила в результате амфибиотрофной асфиксии.Жаба задавила.
2025-03-14 15:01:19.525 | INFO     | __main__:send_random_joke:61 - Опубликован анекдот: Прошлым вечером жена пригрозила мне разводом... она упрекнула, что мне нет до нее дела и я даже не знаю день её рождения.Конечно, я знаю: "20 октября"."О, дорогой, ты помнишь" - сказала она.Я был в шоке, у меня был 1 из 365 шансов угадать правильную дату!!!
2025-03-14 15:10:42.323 | INFO     | __main__:<module>:24 - Бот запущен
2025-03-14 15:10:43.213 | INFO     | __main__:send_random_joke:56 - Опубликован анекдот: "Вы вообще видели ключевую ставку в России?" Советники Трампа предложили ему универсальную отговорку.
2025-03-14 15:11:43.540 | INFO     | __main__:send_random_joke:56 - Опубликован анекдот: - Кто для тебя ближе: Дон Жуан или Дон Кихот? - Дон Периньон.
2025-03-14 15:12:43.827 | INFO     | __main__:send_random_joke:56 - Опубликован анекдот: На вопрос: как Вам удалось в бараньем стаде четыре раза выиграть демократические выборы, волк ответил:На первых выборах мне очень повезло просто, на вторых я всех баранов убедил что другие волки хуже меня, ну и на третьих и на четвёртых у меня с другими волками был договор: они пугают своих баранов мной, я своих баранов ними.
2025-03-14 15:13:44.125 | INFO     | __main__:send_random_joke:56 - Опубликован анекдот: Однажды Эрнст сказал себе: "Надо создать программу, чтобы её зрители не соображали, что происходит в мире. Чтобы сделать их размышления о политике примитивными и тупыми. Смогу ли я? Не знаю. Время покажет".
2025-03-14 15:14:44.347 | INFO     | __main__:send_random_joke:56 - Опубликован анекдот: Очень люблю когда меня хвалят. Даже если накосячу, жена так и говорит: "Молодец, блять!"
2025-03-14 15:15:44.591 | INFO     | __main__:send_random_joke:56 - Опубликован анекдот: 1991 год. Сергей Кургинян консультирует будущих членов ГКЧП. Итог - ГКЧПв полном составе в "Матросской Тишине", некоторые на том свете.1993 год. Кургинян консультирует вождей Верховного Совета Хасбулатова иРуцкого. Итог - оба в "Матросской Тишине".2010 год. Кургинян консультирует мэра Лужкова. Итог - Лужков уволен измэров за утрату доверия.2012 год. Кургинян консультирует Путина.Помоги ему бог!
2025-03-14 15:16:04.437 | INFO     | __main__:<module>:22 - Бот запущен
2025-03-14 15:17:01.048 | INFO     | __main__:<module>:22 - Бот запущен
2025-03-14 15:23:25.021 | INFO     | __main__:<module>:23 - Бот запущен
2025-03-14 15:25:06.444 | INFO     | __main__:<module>:23 - Бот запущен
2025-03-14 15:30:10.148 | INFO     | __main__:<module>:25 - Бот запущен
2025-03-14 15:30:11.011 | INFO     | __main__:send_random_joke:57 - Опубликован анекдот: Статьи доходов бюджета РФ на 2017 год:1. Поискать в ботинке у Захарченко.2. Потрясти Захарченко вниз головой.3. Попросить его постучать пяткой об пол.
2025-03-14 15:33:55.688 | INFO     | __main__:<module>:24 - Бот запущен
2025-03-14 15:33:56.554 | INFO     | __main__:send_random_joke:56 - Опубликован анекдот: Хочу жить в России, которую показывают в сериалах, где продавец обуви живёт в двухъярусной квартире, а физрук катается на Гелендвагене.
2025-03-14 15:34:56.800 | INFO     | __main__:send_random_joke:56 - Опубликован анекдот: Посылают японского разведчика в мавзолей сфотографировать Ленина.Не получилось у него в первый раз, забрало ЧК фотоаппарати не разрешило снимать. Вшили японцу фотоаппарат в фуражку - и снованеудача. Отправляют японского шпиона в третий раз, замаскировалиаппарат в пуговицу - и опять как всегда. Увидел он русского пьяницупод мавзолеем, предложил ему сфотографировать Ленина за ящик водки -тот и согласился. Проходит некоторое время, возвращается посланникс мешком и говорит, мол, где будем фотографировать - здесь илина природе!?
2025-03-14 15:35:57.057 | INFO     | __main__:send_random_joke:56 - Опубликован анекдот: - Бабyшка, бабyшка, а почемy y тебя такие большие глаза?- Чтоб тебя лyчше видеть...- А почемy y тебя такие большие yши?- Чтоб тебя лyчше слышать...- А почемy y тебя такой большой нос?- Дык, слоны мы, внyчек...
2025-03-14 15:36:57.306 | INFO     | __main__:send_random_joke:56 - Опубликован анекдот: Подключил спутниковую тарелку, теперь по телевизору в десять раз больше,чем раньше нечего смотреть.
2025-03-14 15:37:57.543 | INFO     | __main__:send_random_joke:56 - Опубликован анекдот: Мою девушку зовут Анжела, но она откликается только на имя "Куплю".
2025-03-14 15:38:57.867 | INFO     | __main__:send_random_joke:56 - Опубликован анекдот: Евгений Плющенко - первый фигурист в мире, выигравший Евровидение.
2025-03-14 15:39:58.131 | INFO     | __main__:send_random_joke:56 - Опубликован анекдот: Жеребьевка. Шарики опять поцарапали.
2025-03-14 15:40:58.447 | INFO     | __main__:send_random_joke:56 - Опубликован анекдот: Подорожник, собранный возле Чернобыля, лечит открытые переломы.
2025-03-14 15:41:58.682 | INFO     | __main__:send_random_joke:56 - Опубликован анекдот: Дураки строят из себя умных, а умные валяют дурака.
2025-03-14 15:42:59.008 | INFO     | __main__:send_random_joke:56 - Опубликован анекдот: считается, что вещи не могут испытывать чувства. а я убежден в обратном. зеркала и фотоаппараты меня ненавидят. причем с каждым годом все больше и больше
2025-03-14 15:43:59.277 | INFO     | __main__:send_random_joke:56 - Опубликован анекдот: - Профессор, а я получу автомат?- Да... и сапоги.
